
> starter_helpi@0.1.0 test
> react-scripts test --coverage

FAIL src/App.test.tsx
  ✕ renders learn react link (47 ms)

  ● renders learn react link

    TestingLibraryElementError: Unable to find an element with the text: /learn react/i. This could be because the text is broken up by multiple elements. In this case, you can provide a function for your text matcher to make your matcher more flexible.

    Ignored nodes: comments, script, style
    [36m<body>[39m
      [36m<div>[39m
        [36m<div[39m
          [33mclass[39m=[32m"App"[39m
        [36m>[39m
          [36m<header[39m
            [33mclass[39m=[32m"App-header"[39m
          [36m>[39m
            [36m<h1[39m
              [33mclass[39m=[32m"App-header--heading"[39m
            [36m>[39m
              [0m Helpi [0m
            [36m</h1>[39m
          [36m</header>[39m
          [36m<div[39m
            [33mclass[39m=[32m"App-content"[39m
          [36m>[39m
            [36m<div[39m
              [33mclass[39m=[32m"members-page"[39m
            [36m>[39m
              [36m<div[39m
                [33mclass[39m=[32m"members-page--content"[39m
              [36m>[39m
                [36m<div>[39m
                  [36m<h1>[39m
                    [0m Group Members [0m
                  [36m</h1>[39m
                  [36m<ul[39m
                    [33mstyle[39m=[32m"display: inline;"[39m
                  [36m>[39m
                    [36m<li>[39m
                      [0m Jamie Pacheco[0m
                    [36m</li>[39m
                    [36m<li>[39m
                      [0m Claudia Chance[0m
                    [36m</li>[39m
                    [36m<li>[39m
                      [0m Edwin [0m
                    [36m</li>[39m
                    [36m<li>[39m
                      [0m Nathan Wood [0m
                    [36m</li>[39m
                  [36m</ul>[39m
                [36m</div>[39m
                [36m<div[39m
                  [33mclass[39m=[32m"members-page--page-links"[39m
                [36m>[39m
                  [36m<h2>[39m
                    [0m Pages [0m
                  [36m</h2>[39m
                  [36m<div[39m
                    [33mclass[39m=[32m"page-buttons"[39m
                  [36m>[39m
                    [36m<button>[39m
                      [0m Home [0m
                    [36m</button>[39m
                    [36m<button>[39m
                      [0m Sign Up [0m
                    [36m</button>[39m
                    [36m<button>[39m
                      [0m Short Quiz[0m
                    [36m</button>[39m
                  [36m</div>[39m
                [36m</div>[39m
              [36m</div>[39m
            [36m</div>[39m
          [36m</div>[39m
          [36m<footer[39m
            [33mclass[39m=[32m"App-footer"[39m
          [36m>[39m
            [36m<form[39m
              [33mclass[39m=[32m""[39m
            [36m>[39m
              [36m<label[39m
                [33mclass[39m=[32m"form-label"[39m
              [36m>[39m
                [0mAPI Key:[0m
              [36m</label>[39m
              [36m<input[39m
                [33mclass[39m=[32m"form-control"[39m
                [33mplaceholder[39m=[32m"Insert API Key Here"[39m
                [33mtype[39m=[32m"password"[39m
              [36m/>[39m
              [36m<br />[39m
              [36m<button[39m
                [33mclass[39m=[32m"Submit-Button btn btn-primary"[39m
                [33mtype[39m=[32m"button"[39m
              [36m>[39m
                [0mSubmit[0m
              [36m</button>[39m
            [36m</form>[39m
          [36m</footer>[39m
        [36m</div>[39m
      [36m</div>[39m
    [36m</body>[39m

       5 | test('renders learn react link', () => {
       6 |   render(<App />);
    >  7 |   const linkElement = screen.getByText(/learn react/i);
         |                              ^
       8 |   expect(linkElement).toBeInTheDocument();
       9 | });
      10 |

      at Object.getElementError (node_modules/@testing-library/react/node_modules/@testing-library/dom/dist/config.js:37:19)
      at node_modules/@testing-library/react/node_modules/@testing-library/dom/dist/query-helpers.js:76:38
      at node_modules/@testing-library/react/node_modules/@testing-library/dom/dist/query-helpers.js:52:17
      at getByText (node_modules/@testing-library/react/node_modules/@testing-library/dom/dist/query-helpers.js:95:19)
      at Object.<anonymous> (src/App.test.tsx:7:30)
      at TestScheduler.scheduleTests (node_modules/@jest/core/build/TestScheduler.js:333:13)
      at runJest (node_modules/@jest/core/build/runJest.js:404:19)
      at _run10000 (node_modules/@jest/core/build/cli/index.js:320:7)
      at runCLI (node_modules/@jest/core/build/cli/index.js:173:3)

------------------------------------------------------------------|---------|----------|---------|---------|-------------------
File                                                              | % Stmts | % Branch | % Funcs | % Lines | Uncovered Line #s 
------------------------------------------------------------------|---------|----------|---------|---------|-------------------
All files                                                         |   18.51 |     6.25 |    9.37 |   18.51 |                   
 src                                                              |   28.57 |    16.66 |      20 |   28.57 |                   
  App.tsx                                                         |      60 |       50 |   33.33 |      60 | 17,24-30          
  index.tsx                                                       |       0 |      100 |     100 |       0 | 7-19              
  reportWebVitals.ts                                              |       0 |        0 |       0 |       0 | 3-10              
 src/Components/ProgressBar                                       |       0 |      100 |       0 |       0 |                   
  ProgressBar.tsx                                                 |       0 |      100 |       0 |       0 | 2                 
 src/Interfaces                                                   |       0 |        0 |       0 |       0 |                   
  User.ts                                                         |       0 |        0 |       0 |       0 |                   
 src/Pages/BasicQuestionsPage                                     |       0 |      100 |       0 |       0 |                   
  BasicQuestionsPage.tsx                                          |       0 |      100 |       0 |       0 | 9                 
 src/Pages/BasicQuestionsPage/Components/BasicQuestionsPageHeader |       0 |      100 |       0 |       0 |                   
  BasicQuestionsPageHeader.tsx                                    |       0 |      100 |       0 |       0 | 5                 
 src/Pages/BasicQuestionsPage/Components/GeneralQuestionWidget    |       0 |      100 |       0 |       0 |                   
  GeneralQuestionWidget.tsx                                       |       0 |      100 |       0 |       0 | 4                 
 src/Pages/BasicQuestionsPage/Components/ProgressBarWidget        |       0 |      100 |       0 |       0 |                   
  ProgressBarWidget.tsx                                           |       0 |      100 |       0 |       0 | 4                 
 src/Pages/BasicQuestionsPage/Components/QuizInteraction          |       0 |      100 |       0 |       0 |                   
  QuizInteraction.tsx                                             |       0 |      100 |       0 |       0 | 4                 
 src/Pages/DetailedPage                                           |       0 |      100 |       0 |       0 |                   
  DetailedPage.tsx                                                |       0 |      100 |       0 |       0 | 8                 
 src/Pages/DetailedPage/Components                                |   28.57 |        0 |      20 |   28.57 |                   
  DetailedPage-interface.ts                                       |     100 |      100 |     100 |     100 |                   
  QuestionAnswerComponent.tsx                                     |       0 |        0 |       0 |       0 | 7-39              
 src/Pages/HomePage                                               |       0 |        0 |       0 |       0 |                   
  HomePage.tsx                                                    |       0 |        0 |       0 |       0 | 10-12             
 src/Pages/HomePage/Components/HomePageHeader                     |       0 |        0 |       0 |       0 |                   
  HomePageHeader.tsx                                              |       0 |        0 |       0 |       0 | 6                 
  HomePageHeaderProperties.ts                                     |       0 |        0 |       0 |       0 |                   
 src/Pages/HomePage/Components/HomePageQuizSelectionWidget        |       0 |      100 |       0 |       0 |                   
  HomePageQuizSelectionWidget.tsx                                 |       0 |      100 |       0 |       0 | 7-20              
 src/Pages/HomePage/Components/HomePageSignUpWidget               |       0 |      100 |       0 |       0 |                   
  HomePageSignUpWidget.tsx                                        |       0 |      100 |       0 |       0 | 6-18              
 src/Pages/LoginPage                                              |       0 |      100 |       0 |       0 |                   
  LoginPage.tsx                                                   |       0 |      100 |       0 |       0 | 5                 
 src/Pages/MembersPage                                            |      40 |      100 |      25 |      40 |                   
  MembersPage.tsx                                                 |      40 |      100 |      25 |      40 | 25-27             
 src/Pages/Reports                                                |       0 |      100 |       0 |       0 |                   
  reports.tsx                                                     |       0 |      100 |       0 |       0 | 4                 
 src/Pages/SignUpPage                                             |       0 |      100 |       0 |       0 |                   
  SignUpPage.tsx                                                  |       0 |      100 |       0 |       0 | 5                 
 src/Services                                                     |       0 |      100 |       0 |       0 |                   
  UserResponse.ts                                                 |       0 |      100 |       0 |       0 | 2                 
------------------------------------------------------------------|---------|----------|---------|---------|-------------------
Test Suites: 1 failed, 1 total
Tests:       1 failed, 1 total
Snapshots:   0 total
Time:        2.689 s
Ran all test suites.
